=== Auto Backup Started at 2026-07-21 23:45:04 ===
[main ad49588] Auto backup config: 2026-07-21 23:45:04
 4 files changed, 32 insertions(+)
 create mode 100755 auto_backup_all.sh
 create mode 100644 backup.log
 create mode 100644 launchd_backup.err
 create mode 100644 launchd_backup.log
To https://github.com/happyhappylife0307/antigravity-config.git
   9657bb9..ad49588  main -> main
Config backed up successfully.
=== Auto Backup Completed ===
=== Auto Backup Started at 2026-07-22 23:45:04 ===
[main 8e93f59] Auto backup config: 2026-07-22 23:45:04
 2 files changed, 13 insertions(+)
To https://github.com/happyhappylife0307/antigravity-config.git
   ad49588..8e93f59  main -> main
Config backed up successfully.
=== Auto Backup Completed ===
=== Auto Backup Started at 2026-07-23 23:45:05 ===
[main b2d991b] Auto backup config: 2026-07-23 23:45:05
 2 files changed, 9 insertions(+)
To https://github.com/happyhappylife0307/antigravity-config.git
   8e93f59..b2d991b  main -> main
Config backed up successfully.
=== Auto Backup Completed ===
=== Auto Backup Started at 2026-07-24 23:45:05 ===
